// Jest Snapshot v1, https://goo.gl/fbAQLP

exports[`matches snapshot 1`] = `
<DocumentFragment>
  <div>
    <li>
      empty task
    </li>
    <button>
      Update
    </button>
    <button>
      x
    </button>
  </div>
</DocumentFragment>
`;
